// Jest Snapshot v1, https://goo.gl/fbAQLP

exports[`@aws-amplify/ui setupComponentTheme can use custom primitives 1`] = `
"[data-amplify-theme="test"] .amplify-chip { padding-inline:var(--amplify-space-xs);  padding-block:var(--amplify-space-xs);  border-radius:var(--amplify-radii-small);  }
[data-amplify-theme="test"] .amplify-chip--primary:hover { background:pink;  color:var(--amplify-colors-font-primary);  }
[data-amplify-theme="test"] .amplify-chip--primary { background:red;  }
"
`;

exports[`@aws-amplify/ui setupComponentTheme should button 1`] = `
"[data-amplify-theme="test"] .amplify-button--primary:hover { background:pink;  color:var(--amplify-colors-font-primary);  }
[data-amplify-theme="test"] .amplify-button--primary { background:red;  }
"
`;

exports[`@aws-amplify/ui setupComponentTheme should pass through raw values 1`] = `
"[data-amplify-theme="test"] .amplify-badge { background-color:pink;  border-radius:var(--amplify-radii-small);  }
[data-amplify-theme="test"] .amplify-badge--small { border-radius:0;  }
"
`;
